                                      1 ;--------------------------------------------------------
                                      2 ; File Created by SDCC : free open source ANSI-C Compiler
                                      3 ; Version 3.8.0 #10562 (Linux)
                                      4 ;--------------------------------------------------------
                                      5 	.module main
                                      6 	.optsdcc -mstm8
                                      7 	
                                      8 ;--------------------------------------------------------
                                      9 ; Public variables in this module
                                     10 ;--------------------------------------------------------
                                     11 	.globl _bootloader_main
                                     12 	.globl _ram_flash_write_block
                                     13 ;--------------------------------------------------------
                                     14 ; ram data
                                     15 ;--------------------------------------------------------
                                     16 	.area DATA
      000000                         17 _CRC:
      000000                         18 	.ds 1
      000001                         19 _ivt:
      000001                         20 	.ds 128
      000081                         21 _f_ram:
      000081                         22 	.ds 128
      000101                         23 _rx_buffer:
      000101                         24 	.ds 64
      000141                         25 _RAM_SEG_LEN:
      000141                         26 	.ds 1
                                     27 ;--------------------------------------------------------
                                     28 ; ram data
                                     29 ;--------------------------------------------------------
                                     30 	.area INITIALIZED
      000000                         31 _flash_write_block:
      000000                         32 	.ds 2
                                     33 ;--------------------------------------------------------
                                     34 ; absolute external ram data
                                     35 ;--------------------------------------------------------
                                     36 	.area DABS (ABS)
                                     37 
                                     38 ; default segment ordering for linker
                                     39 	.area HOME
                                     40 	.area GSINIT
                                     41 	.area GSFINAL
                                     42 	.area CONST
                                     43 	.area INITIALIZER
                                     44 	.area CODE
                                     45 
                                     46 ;--------------------------------------------------------
                                     47 ; global & static initialisations
                                     48 ;--------------------------------------------------------
                                     49 	.area HOME
                                     50 	.area GSINIT
                                     51 	.area GSFINAL
                                     52 	.area GSINIT
                                     53 ;--------------------------------------------------------
                                     54 ; Home
                                     55 ;--------------------------------------------------------
                                     56 	.area HOME
                                     57 	.area HOME
                                     58 ;--------------------------------------------------------
                                     59 ; code
                                     60 ;--------------------------------------------------------
                                     61 	.area CODE
                                     62 ;	main.c: 56: static void uart_write(uint8_t data) {
                                     63 ;	-----------------------------------------
                                     64 ;	 function uart_write
                                     65 ;	-----------------------------------------
      000000                         66 _uart_write:
                                     67 ;	main.c: 58: RS485dir_ODR = 1 << RS485dir_PIN;	//RS485 TX mode, high
      000000 35 10 50 0F      [ 1]   68 	mov	0x500f+0, #0x10
                                     69 ;	main.c: 59: for (ix=0;ix<10;ix++); //delay for before transmit
      000004 A6 0A            [ 1]   70 	ld	a, #0x0a
      000006                         71 00108$:
      000006 4A               [ 1]   72 	dec	a
      000007 4D               [ 1]   73 	tnz	a
      000008 26 FC            [ 1]   74 	jrne	00108$
                                     75 ;	main.c: 60: UART_DR = data;
      00000A AE 52 31         [ 2]   76 	ldw	x, #0x5231
      00000D 7B 03            [ 1]   77 	ld	a, (0x03, sp)
      00000F F7               [ 1]   78 	ld	(x), a
                                     79 ;	main.c: 61: while (!(UART_SR & (1 << UART_SR_TC)));
      000010                         80 00102$:
      000010 C6 52 30         [ 1]   81 	ld	a, 0x5230
      000013 A5 40            [ 1]   82 	bcp	a, #0x40
      000015 27 F9            [ 1]   83 	jreq	00102$
                                     84 ;	main.c: 62: for (ix=0;ix<10;ix++); //delay for before transmit
      000017 A6 0A            [ 1]   85 	ld	a, #0x0a
      000019                         86 00111$:
      000019 4A               [ 1]   87 	dec	a
      00001A 4D               [ 1]   88 	tnz	a
      00001B 26 FC            [ 1]   89 	jrne	00111$
                                     90 ;	main.c: 63: RS485dir_ODR = 0;					//RS485 RX mode, low
      00001D 35 00 50 0F      [ 1]   91 	mov	0x500f+0, #0x00
                                     92 ;	main.c: 64: }
      000021 81               [ 4]   93 	ret
                                     94 ;	main.c: 69: static uint8_t uart_read() {
                                     95 ;	-----------------------------------------
                                     96 ;	 function uart_read
                                     97 ;	-----------------------------------------
      000022                         98 _uart_read:
                                     99 ;	main.c: 36: IWDG_KR = IWDG_KEY_REFRESH;
      000022 35 AA 50 E0      [ 1]  100 	mov	0x50e0+0, #0xaa
                                    101 ;	main.c: 71: while (!(UART_SR & (1 << UART_SR_RXNE)));
      000026                        102 00101$:
      000026 C6 52 30         [ 1]  103 	ld	a, 0x5230
      000029 A5 20            [ 1]  104 	bcp	a, #0x20
      00002B 27 F9            [ 1]  105 	jreq	00101$
                                    106 ;	main.c: 72: return UART_DR;
      00002D C6 52 31         [ 1]  107 	ld	a, 0x5231
                                    108 ;	main.c: 73: }
      000030 81               [ 4]  109 	ret
                                    110 ;	main.c: 93: static void serial_send_ack() {
                                    111 ;	-----------------------------------------
                                    112 ;	 function serial_send_ack
                                    113 ;	-----------------------------------------
      000031                        114 _serial_send_ack:
                                    115 ;	main.c: 94: uart_write(0xAA);
      000031 4B AA            [ 1]  116 	push	#0xaa
      000033 CDr00r00         [ 4]  117 	call	_uart_write
      000036 84               [ 1]  118 	pop	a
                                    119 ;	main.c: 95: uart_write(0xBB);
      000037 4B BB            [ 1]  120 	push	#0xbb
      000039 CDr00r00         [ 4]  121 	call	_uart_write
      00003C 84               [ 1]  122 	pop	a
                                    123 ;	main.c: 96: }
      00003D 81               [ 4]  124 	ret
                                    125 ;	main.c: 111: static void serial_read_block(uint8_t *dest) {
                                    126 ;	-----------------------------------------
                                    127 ;	 function serial_read_block
                                    128 ;	-----------------------------------------
      00003E                        129 _serial_read_block:
      00003E 52 05            [ 2]  130 	sub	sp, #5
                                    131 ;	main.c: 112: serial_send_ack();
      000040 CDr00r31         [ 4]  132 	call	_serial_send_ack
                                    133 ;	main.c: 113: for (uint8_t i = 0; i < BLOCK_SIZE; i++) {
      000043 0F 05            [ 1]  134 	clr	(0x05, sp)
      000045                        135 00108$:
      000045 7B 05            [ 1]  136 	ld	a, (0x05, sp)
      000047 A1 40            [ 1]  137 	cp	a, #0x40
      000049 24 40            [ 1]  138 	jrnc	00110$
                                    139 ;	main.c: 114: uint8_t rx = uart_read();
      00004B CDr00r22         [ 4]  140 	call	_uart_read
      00004E 6B 04            [ 1]  141 	ld	(0x04, sp), a
                                    142 ;	main.c: 115: dest[i] = rx;
      000050 5F               [ 1]  143 	clrw	x
      000051 7B 05            [ 1]  144 	ld	a, (0x05, sp)
      000053 97               [ 1]  145 	ld	xl, a
      000054 72 FB 08         [ 2]  146 	addw	x, (0x08, sp)
      000057 7B 04            [ 1]  147 	ld	a, (0x04, sp)
      000059 F7               [ 1]  148 	ld	(x), a
                                    149 ;	main.c: 116: CRC = crc8_update(rx, CRC);
      00005A C6u00u00         [ 1]  150 	ld	a, _CRC+0
                                    151 ;	main.c: 84: crc ^= data;
      00005D 18 04            [ 1]  152 	xor	a, (0x04, sp)
      00005F 95               [ 1]  153 	ld	xh, a
                                    154 ;	main.c: 85: for (uint8_t i = 0; i < 8; i++)
      000060 0F 03            [ 1]  155 	clr	(0x03, sp)
      000062                        156 00105$:
      000062 7B 03            [ 1]  157 	ld	a, (0x03, sp)
      000064 A1 08            [ 1]  158 	cp	a, #0x08
      000066 24 1B            [ 1]  159 	jrnc	00102$
                                    160 ;	main.c: 86: crc = (crc & 0x80) ? (crc << 1) ^ 0x07 : crc << 1;
      000068 9E               [ 1]  161 	ld	a, xh
      000069 48               [ 1]  162 	sll	a
      00006A 6B 02            [ 1]  163 	ld	(0x02, sp), a
      00006C 7B 02            [ 1]  164 	ld	a, (0x02, sp)
      00006E 49               [ 1]  165 	rlc	a
      00006F 4F               [ 1]  166 	clr	a
      000070 A2 00            [ 1]  167 	sbc	a, #0x00
      000072 97               [ 1]  168 	ld	xl, a
      000073 5D               [ 2]  169 	tnzw	x
      000074 2A 06            [ 1]  170 	jrpl	00112$
      000076 7B 02            [ 1]  171 	ld	a, (0x02, sp)
      000078 A8 07            [ 1]  172 	xor	a, #0x07
      00007A 20 02            [ 2]  173 	jra	00113$
      00007C                        174 00112$:
      00007C 7B 02            [ 1]  175 	ld	a, (0x02, sp)
      00007E                        176 00113$:
      00007E 95               [ 1]  177 	ld	xh, a
                                    178 ;	main.c: 85: for (uint8_t i = 0; i < 8; i++)
      00007F 0C 03            [ 1]  179 	inc	(0x03, sp)
      000081 20 DF            [ 2]  180 	jra	00105$
      000083                        181 00102$:
                                    182 ;	main.c: 116: CRC = crc8_update(rx, CRC);
      000083 9E               [ 1]  183 	ld	a, xh
      000084 C7u00u00         [ 1]  184 	ld	_CRC+0, a
                                    185 ;	main.c: 113: for (uint8_t i = 0; i < BLOCK_SIZE; i++) {
      000087 0C 05            [ 1]  186 	inc	(0x05, sp)
      000089 20 BA            [ 2]  187 	jra	00108$
      00008B                        188 00110$:
                                    189 ;	main.c: 118: }
      00008B 5B 05            [ 2]  190 	addw	sp, #5
      00008D 81               [ 4]  191 	ret
                                    192 ;	main.c: 200: void bootloader_main() {
                                    193 ;	-----------------------------------------
                                    194 ;	 function bootloader_main
                                    195 ;	-----------------------------------------
      00008E                        196 _bootloader_main:
      00008E 52 08            [ 2]  197 	sub	sp, #8
                                    198 ;	main.c: 202: BOOT_PIN_CR1 = 1 << BOOT_PIN;
      000090 35 08 50 12      [ 1]  199 	mov	0x5012+0, #0x08
                                    200 ;	main.c: 203: if ((BOOT_PIN_IDR & (1 << BOOT_PIN))) {
      000094 C6 50 10         [ 1]  201 	ld	a, 0x5010
      000097 A5 08            [ 1]  202 	bcp	a, #0x08
      000099 26 03            [ 1]  203 	jrne	00224$
      00009B CCr01r79         [ 2]  204 	jp	00102$
      00009E                        205 00224$:
                                    206 ;	main.c: 205: CLK_CKDIVR = 0;
      00009E 35 00 50 C6      [ 1]  207 	mov	0x50c6+0, #0x00
                                    208 ;	main.c: 18: __asm__("mov _RAM_SEG_LEN, #l_RAM_SEG");
      0000A2 35r00u01u41      [ 1]  209 	mov	_RAM_SEG_LEN, #l_RAM_SEG
                                    210 ;	main.c: 196: for (uint8_t i = 0; i < RAM_SEG_LEN; i++)
      0000A6 4F               [ 1]  211 	clr	a
      0000A7                        212 00132$:
      0000A7 C1u01u41         [ 1]  213 	cp	a, _RAM_SEG_LEN+0
      0000AA 24 1A            [ 1]  214 	jrnc	00106$
                                    215 ;	main.c: 197: f_ram[i] = ((uint8_t *) ram_flash_write_block)[i];
      0000AC 90 5F            [ 1]  216 	clrw	y
      0000AE 90 97            [ 1]  217 	ld	yl, a
      0000B0 72 A9r00r81      [ 2]  218 	addw	y, #_f_ram
      0000B4 AEr00r00         [ 2]  219 	ldw	x, #_ram_flash_write_block
      0000B7 1F 01            [ 2]  220 	ldw	(0x01, sp), x
      0000B9 5F               [ 1]  221 	clrw	x
      0000BA 97               [ 1]  222 	ld	xl, a
      0000BB 72 FB 01         [ 2]  223 	addw	x, (0x01, sp)
      0000BE 88               [ 1]  224 	push	a
      0000BF F6               [ 1]  225 	ld	a, (x)
      0000C0 90 F7            [ 1]  226 	ld	(y), a
      0000C2 84               [ 1]  227 	pop	a
                                    228 ;	main.c: 196: for (uint8_t i = 0; i < RAM_SEG_LEN; i++)
      0000C3 4C               [ 1]  229 	inc	a
      0000C4 20 E1            [ 2]  230 	jra	00132$
                                    231 ;	main.c: 206: ram_cpy();
      0000C6                        232 00106$:
                                    233 ;	main.c: 26: IWDG_KR = IWDG_KEY_ENABLE;
      0000C6 35 CC 50 E0      [ 1]  234 	mov	0x50e0+0, #0xcc
                                    235 ;	main.c: 27: IWDG_KR = IWDG_KEY_ACCESS;
      0000CA 35 55 50 E0      [ 1]  236 	mov	0x50e0+0, #0x55
                                    237 ;	main.c: 28: IWDG_PR = 2;
      0000CE 35 02 50 E1      [ 1]  238 	mov	0x50e1+0, #0x02
                                    239 ;	main.c: 29: IWDG_KR = IWDG_KEY_REFRESH;
      0000D2 35 AA 50 E0      [ 1]  240 	mov	0x50e0+0, #0xaa
                                    241 ;	main.c: 47: UART_BRR2 = ((UART_DIV >> 8) & 0xF0) + (UART_DIV & 0x0F);
      0000D6 35 0B 52 33      [ 1]  242 	mov	0x5233+0, #0x0b
                                    243 ;	main.c: 48: UART_BRR1 = UART_DIV >> 4;
      0000DA 35 08 52 32      [ 1]  244 	mov	0x5232+0, #0x08
                                    245 ;	main.c: 50: UART_CR2 = (1 << UART_CR2_TEN) | (1 << UART_CR2_REN);
      0000DE 35 0C 52 35      [ 1]  246 	mov	0x5235+0, #0x0c
                                    247 ;	main.c: 209: RS485dir_CR1 = 1 << RS485dir_PIN;	//push-pull out mode
      0000E2 35 10 50 12      [ 1]  248 	mov	0x5012+0, #0x10
                                    249 ;	main.c: 210: RS485dir_DDR = 1 << RS485dir_PIN;	//direction set to out
      0000E6 35 10 50 11      [ 1]  250 	mov	0x5011+0, #0x10
                                    251 ;	main.c: 211: RS485dir_ODR = 0;			//RS485 RX mode, low	
      0000EA 35 00 50 0F      [ 1]  252 	mov	0x500f+0, #0x00
                                    253 ;	main.c: 125: uint16_t addr = BOOT_ADDR;
      0000EE AE 82 80         [ 2]  254 	ldw	x, #0x8280
      0000F1 1F 05            [ 2]  255 	ldw	(0x05, sp), x
                                    256 ;	main.c: 156: FLASH_PUKR = FLASH_PUKR_KEY1;
      0000F3                        257 00134$:
                                    258 ;	main.c: 129: uint8_t rx = uart_read();
      0000F3 CDr00r22         [ 4]  259 	call	_uart_read
                                    260 ;	main.c: 130: if (rx != 0xDE) continue;
      0000F6 A1 DE            [ 1]  261 	cp	a, #0xde
      0000F8 26 F9            [ 1]  262 	jrne	00134$
                                    263 ;	main.c: 131: rx = uart_read();
      0000FA CDr00r22         [ 4]  264 	call	_uart_read
                                    265 ;	main.c: 132: if (rx != 0xAD) continue;
      0000FD A1 AD            [ 1]  266 	cp	a, #0xad
      0000FF 26 F2            [ 1]  267 	jrne	00134$
                                    268 ;	main.c: 133: rx = uart_read();
      000101 CDr00r22         [ 4]  269 	call	_uart_read
                                    270 ;	main.c: 134: if (rx != 0xBE) continue;
      000104 A1 BE            [ 1]  271 	cp	a, #0xbe
      000106 26 EB            [ 1]  272 	jrne	00134$
                                    273 ;	main.c: 135: rx = uart_read();
      000108 CDr00r22         [ 4]  274 	call	_uart_read
                                    275 ;	main.c: 136: if (rx != 0xEF) continue;
      00010B A1 EF            [ 1]  276 	cp	a, #0xef
      00010D 26 E4            [ 1]  277 	jrne	00134$
                                    278 ;	main.c: 137: chunks = uart_read();
      00010F CDr00r22         [ 4]  279 	call	_uart_read
      000112 6B 08            [ 1]  280 	ld	(0x08, sp), a
                                    281 ;	main.c: 138: crc_rx = uart_read();
      000114 CDr00r22         [ 4]  282 	call	_uart_read
      000117 6B 07            [ 1]  283 	ld	(0x07, sp), a
                                    284 ;	main.c: 139: rx = uart_read();
      000119 CDr00r22         [ 4]  285 	call	_uart_read
      00011C 6B 03            [ 1]  286 	ld	(0x03, sp), a
                                    287 ;	main.c: 140: if (crc_rx != rx)
      00011E 7B 07            [ 1]  288 	ld	a, (0x07, sp)
      000120 11 03            [ 1]  289 	cp	a, (0x03, sp)
      000122 26 CF            [ 1]  290 	jrne	00134$
                                    291 ;	main.c: 156: FLASH_PUKR = FLASH_PUKR_KEY1;
      000124 35 56 50 62      [ 1]  292 	mov	0x5062+0, #0x56
                                    293 ;	main.c: 157: FLASH_PUKR = FLASH_PUKR_KEY2;
      000128 35 AE 50 62      [ 1]  294 	mov	0x5062+0, #0xae
                                    295 ;	main.c: 158: while (!(FLASH_IAPSR & (1 << FLASH_IAPSR_PUL)));
      00012C                        296 00121$:
      00012C C6 50 5F         [ 1]  297 	ld	a, 0x505f
      00012F A5 02            [ 1]  298 	bcp	a, #0x02
      000131 27 F9            [ 1]  299 	jreq	00121$
                                    300 ;	main.c: 161: for (uint8_t i = 0; i < chunks; i++) {
      000133 0F 04            [ 1]  301 	clr	(0x04, sp)
      000135                        302 00136$:
      000135 7B 04            [ 1]  303 	ld	a, (0x04, sp)
      000137 11 08            [ 1]  304 	cp	a, (0x08, sp)
      000139 24 20            [ 1]  305 	jrnc	00124$
                                    306 ;	main.c: 162: serial_read_block(rx_buffer);
      00013B 4Br01            [ 1]  307 	push	#<_rx_buffer
      00013D 4Bs01            [ 1]  308 	push	#(_rx_buffer >> 8)
      00013F CDr00r3E         [ 4]  309 	call	_serial_read_block
      000142 85               [ 2]  310 	popw	x
                                    311 ;	main.c: 163: flash_write_block(addr, rx_buffer);
      000143 4Br01            [ 1]  312 	push	#<_rx_buffer
      000145 4Bs01            [ 1]  313 	push	#(_rx_buffer >> 8)
      000147 1E 07            [ 2]  314 	ldw	x, (0x07, sp)
      000149 89               [ 2]  315 	pushw	x
      00014A CEu00u00         [ 2]  316 	ldw	x, _flash_write_block+0
      00014D FD               [ 4]  317 	call	(x)
      00014E 5B 04            [ 2]  318 	addw	sp, #4
                                    319 ;	main.c: 164: addr += BLOCK_SIZE;
      000150 1E 05            [ 2]  320 	ldw	x, (0x05, sp)
      000152 1C 00 40         [ 2]  321 	addw	x, #0x0040
      000155 1F 05            [ 2]  322 	ldw	(0x05, sp), x
                                    323 ;	main.c: 161: for (uint8_t i = 0; i < chunks; i++) {
      000157 0C 04            [ 1]  324 	inc	(0x04, sp)
      000159 20 DA            [ 2]  325 	jra	00136$
      00015B                        326 00124$:
                                    327 ;	main.c: 168: if (CRC != crc_rx) {
      00015B 7B 07            [ 1]  328 	ld	a, (0x07, sp)
      00015D C1u00u00         [ 1]  329 	cp	a, _CRC+0
      000160 27 0E            [ 1]  330 	jreq	00128$
                                    331 ;	main.c: 102: uart_write(0xDE);
      000162 4B DE            [ 1]  332 	push	#0xde
      000164 CDr00r00         [ 4]  333 	call	_uart_write
      000167 84               [ 1]  334 	pop	a
                                    335 ;	main.c: 103: uart_write(0xAD);
      000168 4B AD            [ 1]  336 	push	#0xad
      00016A CDr00r00         [ 4]  337 	call	_uart_write
      00016D 84               [ 1]  338 	pop	a
                                    339 ;	main.c: 169: serial_send_nack();
      00016E                        340 00139$:
      00016E 20 FE            [ 2]  341 	jra	00139$
      000170                        342 00128$:
                                    343 ;	main.c: 183: FLASH_IAPSR &= ~(1 << FLASH_IAPSR_PUL);
      000170 72 13 50 5F      [ 1]  344 	bres	20575, #1
                                    345 ;	main.c: 185: serial_send_ack();
      000174 CDr00r31         [ 4]  346 	call	_serial_send_ack
      000177                        347 00141$:
      000177 20 FE            [ 2]  348 	jra	00141$
                                    349 ;	main.c: 212: bootloader_exec();
      000179                        350 00102$:
                                    351 ;	main.c: 215: BOOT_PIN_CR1 = 0x00;
      000179 35 00 50 12      [ 1]  352 	mov	0x5012+0, #0x00
                                    353 ;	main.c: 216: BOOT();
      00017D CC 82 80         [ 2]  354 	jp	0x8280
                                    355 ;	main.c: 218: }
      000180 5B 08            [ 2]  356 	addw	sp, #8
      000182 81               [ 4]  357 	ret
                                    358 	.area CODE
                                    359 	.area CONST
                                    360 	.area INITIALIZER
      000000                        361 __xinit__flash_write_block:
      000000r00r81                  362 	.dw _f_ram
                                    363 	.area CABS (ABS)
